I'm sorry, but errors were detected in your script. Please correct the
errors listed below, and try again.


File "game/script.rpy", line 52: Line is indented, but the preceding show statement statement does not expect a block. Please check this line's indentation. You may have forgotten a colon (:).
    o "Привет! Я Окли. А ты, видимо, тоже вышел из того туннеля?"
    ^

Ren'Py Version: Ren'Py 8.1.3.23091805
Mon Nov 20 20:25:28 2023
